// Jest Snapshot v1, https://goo.gl/fbAQLP

exports[`renders homepage unchanged 1`] = `
<div>
  <div
    class="mantine-hsyrdh"
  >
    <div
      class="mantine-Paper-root mantine-1haot4h"
    >
      <h2
        class="mantine-Text-root mantine-Title-root mantine-q0no0m"
      >
        Welcome to Fast Health
      </h2>
      <form>
        <div
          class="mantine-InputWrapper-root mantine-TextInput-root mantine-1m3pqry"
        >
          <label
            class="mantine-InputWrapper-label mantine-TextInput-label mantine-1js7218"
            for="mantine-r0"
            id="mantine-r0-label"
          >
            Email address
          </label>
          <div
            class="mantine-Input-wrapper mantine-TextInput-wrapper mantine-12sbrde"
          >
            <input
              aria-invalid="false"
              class="mantine-Input-input mantine-TextInput-input mantine-1e4d5p7"
              id="mantine-r0"
              name="email"
              placeholder="hello@gmail.com"
              type="text"
            />
          </div>
        </div>
        <div
          class="mantine-InputWrapper-root mantine-PasswordInput-root mantine-1l2unfb"
        >
          <label
            class="mantine-InputWrapper-label mantine-PasswordInput-label mantine-1js7218"
            for="mantine-r1"
            id="mantine-r1-label"
          >
            Password
          </label>
          <div
            class="mantine-Input-wrapper mantine-PasswordInput-wrapper mantine-12sbrde"
          >
            <div
              aria-invalid="false"
              class="mantine-PasswordInput-input mantine-Input-input mantine-PasswordInput-input mantine-8hbvfb"
            >
              <input
                class="mantine-15iqzxl mantine-PasswordInput-innerInput"
                id="mantine-r1"
                name="password"
                placeholder="Your password"
                type="password"
              />
            </div>
            <div
              class="mantine-o3oqoy mantine-Input-rightSection mantine-PasswordInput-rightSection"
            >
              <button
                aria-hidden="true"
                class="mantine-UnstyledButton-root mantine-ActionIcon-root mantine-PasswordInput-visibilityToggle mantine-1dcetaa"
                tabindex="-1"
                type="button"
              >
                <svg
                  fill="none"
                  height="17"
                  viewBox="0 0 15 15"
                  width="17"
                  xmlns="http://www.w3.org/2000/svg"
                >
                  <path
                    clip-rule="evenodd"
                    d="M7.5 11C4.80285 11 2.52952 9.62184 1.09622 7.50001C2.52952 5.37816 4.80285 4 7.5 4C10.1971 4 12.4705 5.37816 13.9038 7.50001C12.4705 9.62183 10.1971 11 7.5 11ZM7.5 3C4.30786 3 1.65639 4.70638 0.0760002 7.23501C-0.0253338 7.39715 -0.0253334 7.60288 0.0760014 7.76501C1.65639 10.2936 4.30786 12 7.5 12C10.6921 12 13.3436 10.2936 14.924 7.76501C15.0253 7.60288 15.0253 7.39715 14.924 7.23501C13.3436 4.70638 10.6921 3 7.5 3ZM7.5 9.5C8.60457 9.5 9.5 8.60457 9.5 7.5C9.5 6.39543 8.60457 5.5 7.5 5.5C6.39543 5.5 5.5 6.39543 5.5 7.5C5.5 8.60457 6.39543 9.5 7.5 9.5Z"
                    fill="currentColor"
                    fill-rule="evenodd"
                  />
                </svg>
              </button>
            </div>
          </div>
        </div>
        <button
          class="mantine-UnstyledButton-root mantine-Button-root mantine-czn2bj"
          data-button="true"
          type="submit"
        >
          <div
            class="mantine-3xbgk5 mantine-Button-inner"
          >
            <span
              class="mantine-qo1k2 mantine-Button-label"
            >
              Login
            </span>
          </div>
        </button>
      </form>
      <div
        class="mantine-Text-root mantine-1fk4t0b"
      >
        Don't have an account?
         
        <a
          href=""
        >
          <div
            class="mantine-Text-root mantine-1l0xknd"
          >
            Register
          </div>
        </a>
      </div>
    </div>
  </div>
</div>
`;
